Resolving dependencies...
Downloading packages...
+ archive 4.0.9
+ args 2.7.0
+ cached_network_image 3.4.1
+ cached_network_image_platform_interface 4.1.1
+ cached_network_image_web 1.3.1
+ checked_yaml 2.0.4
+ cli_util 0.4.2 (0.5.1 available)
+ code_assets 1.0.0
+ crypto 3.0.7
+ ffi 2.2.0
+ file 7.0.1
+ fixnum 1.1.1
+ flutter_animate 4.5.2
+ flutter_cache_manager 3.4.1
+ flutter_launcher_icons 0.13.1 (0.14.4 available)
< flutter_lints 4.0.0 (was 6.0.0) (6.0.0 available)
+ flutter_riverpod 2.6.1 (3.3.1 available)
+ flutter_shaders 0.1.3
+ flutter_svg 2.2.4
+ flutter_web_plugins 0.0.0 from sdk flutter
+ glob 2.1.3
+ go_router 14.8.1 (17.2.3 available)
+ google_fonts 6.3.3 (8.1.0 available)
+ hooks 1.0.3
+ http 1.6.0
+ http_parser 4.1.2
+ image 4.8.0
+ intl 0.19.0 (0.20.2 available)
+ jni 1.0.0
+ jni_flutter 1.0.1
+ json_annotation 4.11.0
< lints 4.0.0 (was 6.1.0) (6.1.0 available)
+ logging 1.3.0
  matcher 0.12.19 (0.12.20 available)
  meta 1.17.0 (1.18.2 available)
+ native_toolchain_c 0.17.6 (0.18.0 available)
+ objective_c 9.3.0
+ octo_image 2.1.0
+ package_config 2.2.0
+ path_parsing 1.1.0
+ path_provider 2.1.5
+ path_provider_android 2.3.1
+ path_provider_foundation 2.6.0
+ path_provider_linux 2.2.1
+ path_provider_platform_interface 2.1.2
+ path_provider_windows 2.3.0
+ percent_indicator 4.2.5
+ petitparser 7.0.2
+ platform 3.1.6
+ plugin_platform_interface 2.1.8
+ posix 6.5.0
+ pub_semver 2.2.0
+ record_use 0.6.0
+ riverpod 2.6.1 (3.2.1 available)
+ rxdart 0.28.0
+ shared_preferences 2.5.5
+ shared_preferences_android 2.4.23
+ shared_preferences_foundation 2.5.6
+ shared_preferences_linux 2.4.1
+ shared_preferences_platform_interface 2.4.2
+ shared_preferences_web 2.4.3
+ shared_preferences_windows 2.4.1
+ shimmer 3.0.0
+ sqflite 2.4.2+1
+ sqflite_android 2.4.2+3
+ sqflite_common 2.5.7
+ sqflite_darwin 2.4.2
+ sqflite_platform_interface 2.4.0
+ state_notifier 1.0.0
+ synchronized 3.4.0+1
  test_api 0.7.10 (0.7.12 available)
+ timeline_tile 2.0.0
+ typed_data 1.4.0
+ uuid 4.5.3
+ vector_graphics 1.2.0
+ vector_graphics_codec 1.1.13
+ vector_graphics_compiler 1.2.1
  vector_math 2.2.0 (2.3.0 available)
+ web 1.1.1
+ xdg_directories 1.1.0
+ xml 6.6.1 (7.0.1 available)
+ yaml 3.1.3
Changed 78 dependencies!
15 packages have newer versions incompatible with dependency constraints.
Try `flutter pub outdated` for more information.
Analyzing thunderbay_tours...                                   

  error • Target of URI doesn't exist: 'presentation/screens/tour/tour_screen.dart' • lib/app.dart:8:8 • uri_does_not_exist
  error • Target of URI doesn't exist: 'presentation/screens/saved/saved_screen.dart' • lib/app.dart:9:8 • uri_does_not_exist
  error • The name 'TourScreen' isn't a class • lib/app.dart:63:52 • creation_with_non_type
  error • The name 'SavedScreen' isn't a class • lib/app.dart:72:52 • creation_with_non_type
  error • The argument type 'CardTheme' can't be assigned to the parameter type 'CardThemeData?'.  • lib/core/theme/app_theme.dart:42:18 • argument_type_not_assignable
  error • The getter 'suggestedVisitMinutes' isn't defined for the type 'Attraction' • lib/presentation/screens/detail/attraction_detail_screen.dart:39:40 • undefined_getter
  error • The getter 'description' isn't defined for the type 'Attraction' • lib/presentation/screens/detail/attraction_detail_screen.dart:44:63 • undefined_getter
   info • 'withOpacity' is deprecated and shouldn't be used. Use .withValues() to avoid precision loss • lib/presentation/screens/detail/widgets/activities_section.dart:58:51 • deprecated_member_use
   info • 'withOpacity' is deprecated and shouldn't be used. Use .withValues() to avoid precision loss • lib/presentation/screens/detail/widgets/indigenous_legend_section.dart:47:46 • deprecated_member_use
   info • 'withOpacity' is deprecated and shouldn't be used. Use .withValues() to avoid precision loss • lib/presentation/screens/detail/widgets/indigenous_legend_section.dart:55:41 • deprecated_member_use
  error • The getter 'isAccessible' isn't defined for the type 'Attraction' • lib/presentation/screens/detail/widgets/practical_info_section.dart:20:20 • undefined_getter
warning • Unused import: 'package:flutter_animate/flutter_animate.dart' • lib/presentation/screens/detail/widgets/save_add_button.dart:4:8 • unused_import
   info • Use 'const' with the constructor to improve performance • lib/presentation/screens/detail/widgets/save_add_button.dart:68:20 • prefer_const_constructors
   info • Use 'const' with the constructor to improve performance • lib/presentation/screens/detail/widgets/save_add_button.dart:70:22 • prefer_const_constructors
   info • 'withOpacity' is deprecated and shouldn't be used. Use .withValues() to avoid precision loss • lib/presentation/screens/detail/widgets/sliver_hero_header.dart:129:47 • deprecated_member_use
   info • 'withOpacity' is deprecated and shouldn't be used. Use .withValues() to avoid precision loss • lib/presentation/screens/detail/widgets/sliver_hero_header.dart:162:33 • deprecated_member_use
   info • 'withOpacity' is deprecated and shouldn't be used. Use .withValues() to avoid precision loss • lib/presentation/screens/detail/widgets/stats_row.dart:97:37 • deprecated_member_use
  error • Undefined name 'Season' • lib/presentation/screens/home/home_screen.dart:28:12 • undefined_identifier
  error • Undefined name 'Season' • lib/presentation/screens/home/home_screen.dart:30:12 • undefined_identifier
  error • Undefined name 'Season' • lib/presentation/screens/home/home_screen.dart:32:12 • undefined_identifier
  error • Undefined name 'Season' • lib/presentation/screens/home/home_screen.dart:34:12 • undefined_identifier
   info • 'withOpacity' is deprecated and shouldn't be used. Use .withValues() to avoid precision loss • lib/presentation/screens/home/widgets/featured_card.dart:41:41 • deprecated_member_use
   info • 'withOpacity' is deprecated and shouldn't be used. Use .withValues() to avoid precision loss • lib/presentation/screens/home/widgets/featured_card.dart:134:49 • deprecated_member_use
   info • 'withOpacity' is deprecated and shouldn't be used. Use .withValues() to avoid precision loss • lib/presentation/screens/home/widgets/featured_card.dart:151:53 • deprecated_member_use
   info • 'withOpacity' is deprecated and shouldn't be used. Use .withValues() to avoid precision loss • lib/presentation/screens/home/widgets/featured_card.dart:161:53 • deprecated_member_use
   info • 'withOpacity' is deprecated and shouldn't be used. Use .withValues() to avoid precision loss • lib/presentation/screens/home/widgets/featured_card.dart:285:37 • deprecated_member_use
   info • 'withOpacity' is deprecated and shouldn't be used. Use .withValues() to avoid precision loss • lib/presentation/screens/home/widgets/grid_attraction_card.dart:62:49 • deprecated_member_use
   info • 'withOpacity' is deprecated and shouldn't be used. Use .withValues() to avoid precision loss • lib/presentation/screens/home/widgets/indigenous_spotlight.dart:23:37 • deprecated_member_use
   info • 'withOpacity' is deprecated and shouldn't be used. Use .withValues() to avoid precision loss • lib/presentation/screens/home/widgets/indigenous_spotlight.dart:46:46 • deprecated_member_use
warning • Unused import: '../../../../core/theme/app_colors.dart' • lib/presentation/screens/home/widgets/season_banner.dart:6:8 • unused_import
   info • 'withOpacity' is deprecated and shouldn't be used. Use .withValues() to avoid precision loss • lib/presentation/screens/home/widgets/season_banner.dart:48:34 • deprecated_member_use
   info • 'withOpacity' is deprecated and shouldn't be used. Use .withValues() to avoid precision loss • lib/presentation/screens/home/widgets/season_banner.dart:76:37 • deprecated_member_use
   info • 'withOpacity' is deprecated and shouldn't be used. Use .withValues() to avoid precision loss • lib/presentation/screens/home/widgets/season_banner.dart:101:44 • deprecated_member_use
   info • 'withOpacity' is deprecated and shouldn't be used. Use .withValues() to avoid precision loss • lib/presentation/screens/home/widgets/season_banner.dart:104:47 • deprecated_member_use
   info • 'withOpacity' is deprecated and shouldn't be used. Use .withValues() to avoid precision loss • lib/presentation/screens/splash/splash_screen.dart:59:43 • deprecated_member_use
   info • 'withOpacity' is deprecated and shouldn't be used. Use .withValues() to avoid precision loss • lib/presentation/screens/splash/splash_screen.dart:81:51 • deprecated_member_use
   info • 'withOpacity' is deprecated and shouldn't be used. Use .withValues() to avoid precision loss • lib/presentation/screens/splash/splash_screen.dart:144:54 • deprecated_member_use
   info • 'withOpacity' is deprecated and shouldn't be used. Use .withValues() to avoid precision loss • lib/presentation/screens/splash/splash_screen.dart:177:53 • deprecated_member_use
   info • 'withOpacity' is deprecated and shouldn't be used. Use .withValues() to avoid precision loss • lib/presentation/shared_widgets/animated_bottom_nav.dart:46:35 • deprecated_member_use
   info • 'withOpacity' is deprecated and shouldn't be used. Use .withValues() to avoid precision loss • lib/presentation/shared_widgets/animated_bottom_nav.dart:52:38 • deprecated_member_use
   info • 'withOpacity' is deprecated and shouldn't be used. Use .withValues() to avoid precision loss • lib/presentation/shared_widgets/animated_bottom_nav.dart:127:33 • deprecated_member_use
   info • 'withOpacity' is deprecated and shouldn't be used. Use .withValues() to avoid precision loss • lib/presentation/shared_widgets/season_badge.dart:27:34 • deprecated_member_use
   info • 'withOpacity' is deprecated and shouldn't be used. Use .withValues() to avoid precision loss • lib/presentation/shared_widgets/season_badge.dart:29:52 • deprecated_member_use
warning • The asset directory 'assets/icon/' doesn't exist • pubspec.yaml:40:7 • asset_directory_does_not_exist
warning • The asset directory 'assets/images/' doesn't exist • pubspec.yaml:41:7 • asset_directory_does_not_exist
   info • The imported package 'thunderbay_tours' isn't a dependency of the importing package • test/widget_test.dart:11:8 • depend_on_referenced_packages
  error • Target of URI doesn't exist: 'package:thunderbay_tours/main.dart' • test/widget_test.dart:11:8 • uri_does_not_exist
  error • The name 'MyApp' isn't a class • test/widget_test.dart:16:35 • creation_with_non_type

